// Jest Snapshot v1, https://goo.gl/fbAQLP

exports[`<ReservationAddComponent> matches snapshot 1`] = `
<ContextConsumer>
  <Component />
</ContextConsumer>
`;
